cargo : warning: unused import: 
`Deserialize`
At line:1 char:1
+ cargo check > build_error.log 2>&1
+ ~~~~~~~~~~~~~~~~~~~~~~~~~~~~~~~~~~
    + CategoryInfo          : NotSpeci 
   fied: (warning: unused import: `De  
  serialize`:String) [], RemoteExcep   
 tion
    + FullyQualifiedErrorId : NativeCo 
   mmandError
 
 --> src\api.rs:7:13
  |
7 | use serde::{Deserialize, 
Serialize};
  |             ^^^^^^^^^^^
  |
  = note: `#[warn(unused_imports)]` 
(part of `#[warn(unused)]`) on by 
default

warning: value assigned to `exits` is 
never read
   --> src\main.rs:130:17
    |
130 |         let mut exits = 
Vec::new(); // Placeholder to avoid 
holding lock too long if logic was 
complex
    |                 ^^^^^
    |
    = help: maybe it is overwritten 
before being read?
    = note: 
`#[warn(unused_assignments)]` (part of 
`#[warn(unused)]`) on by default

warning: unused variable: `idx`
   --> src\main.rs:171:30
    |
171 |                         for 
(idx, token_id) in market.clob_token_id
s.iter().enumerate() {
    |                              ^^^ 
help: if this is intentional, prefix 
it with an underscore: `_idx`
    |
    = note: 
`#[warn(unused_variables)]` (part of 
`#[warn(unused)]`) on by default

warning: variant `Stopped` is never 
constructed
  --> src\engine.rs:23:5
   |
15 | pub enum EngineStatus {
   |          ------------ variant in 
this enum
...
23 |     Stopped,
   |     ^^^^^^^
   |
   = note: `EngineStatus` has derived 
impls for the traits `Clone` and 
`Debug`, but these are intentionally 
ignored during dead code analysis
   = note: `#[warn(dead_code)]` (part 
of `#[warn(unused)]`) on by default

warning: methods `with_safety_config` 
and `get_status` are never used
  --> src\engine.rs:62:12
   |
42 | impl TradingEngine {
   | ------------------ methods in 
this implementation
...
62 |     pub fn with_safety_config(mut 
self, config: SafetyConfig) -> Self {
   |            ^^^^^^^^^^^^^^^^^^
...
68 |     pub fn get_status(&self) -> 
&EngineStatus {
   |            ^^^^^^^^^^

warning: variants `Connecting`, 
`Connected`, `PermissionPending`, and 
`PermissionDenied` are never 
constructed
  --> src\metamask.rs:26:5
   |
24 | pub enum ConnectionStatus {
   |          ---------------- 
variants in this enum
25 |     Disconnected,
26 |     Connecting,
   |     ^^^^^^^^^^
27 |     Connected,
   |     ^^^^^^^^^
28 |     PermissionPending,
   |     ^^^^^^^^^^^^^^^^^
29 |     PermissionGranted,
30 |     PermissionDenied,
   |     ^^^^^^^^^^^^^^^^
   |
   = note: `ConnectionStatus` has 
derived impls for the traits `Clone` 
and `Debug`, but these are 
intentionally ignored during dead code 
analysis

warning: enum `StrategyMode` is never 
used
  --> src\metamask.rs:36:10
   |
36 | pub enum StrategyMode {
   |          ^^^^^^^^^^^^

warning: enum `AgentStatus` is never 
used
  --> src\metamask.rs:47:10
   |
47 | pub enum AgentStatus {
   |          ^^^^^^^^^^^

warning: fields `wallet_address` and 
`snap_id` are never read
  --> src\metamask.rs:72:5
   |
66 | pub struct MetaMaskClient {
   |            -------------- fields 
in this struct
...
72 |     wallet_address: 
Arc<RwLock<Option<String>>>,
   |     ^^^^^^^^^^^^^^
73 |     /// Snap ID for communication 
(demo value)
74 |     snap_id: String,
   |     ^^^^^^^
   |
   = note: `MetaMaskClient` has a 
derived impl for the trait `Debug`, 
but this is intentionally ignored 
during dead code analysis

warning: multiple methods are never 
used
   --> src\metamask.rs:89:18
    |
 77 | impl MetaMaskClient {
    | ------------------- methods in 
this implementation
...
 89 |     pub async fn 
get_status(&self) -> ConnectionStatus {
    |                  ^^^^^^^^^^
...
121 |     pub async fn 
get_strategy_mode(&self) -> 
StrategyMode {
    |                  
^^^^^^^^^^^^^^^^^
...
141 |     pub async fn 
get_agent_status(&self) -> AgentStatus 
{
    |                  ^^^^^^^^^^^^^^^^
...
168 |     pub async fn connect(&self) 
-> Result<String, MetaMaskError> {
    |                  ^^^^^^^
...
190 |     pub async fn 
request_permission(
    |                  
^^^^^^^^^^^^^^^^^^
...
257 |     pub async fn 
reset_daily_spend(&self) {
    |                  
^^^^^^^^^^^^^^^^^
...
266 |     pub async fn 
revoke_permission(&self) -> Result<(), 
MetaMaskError> {
    |                  
^^^^^^^^^^^^^^^^^
...
281 |     pub async fn 
disconnect(&self) {
    |                  ^^^^^^^^^^

warning: variants `NotConnected`, 
`PermissionDenied`, 
`TransactionFailed`, and 
`ConnectionFailed` are never 
constructed
   --> src\metamask.rs:305:5
    |
304 | pub enum MetaMaskError {
    |          ------------- variants 
in this enum
305 |     NotConnected,
    |     ^^^^^^^^^^^^
...
309 |     PermissionDenied,
    |     ^^^^^^^^^^^^^^^^
310 |     InsufficientAllowance,
311 |     TransactionFailed(String),
    |     ^^^^^^^^^^^^^^^^^
312 |     ConnectionFailed(String),
    |     ^^^^^^^^^^^^^^^^
    |
    = note: `MetaMaskError` has 
derived impls for the traits `Clone` 
and `Debug`, but these are 
intentionally ignored during dead code 
analysis

warning: fields `logging`, `strategy`, 
and `safety` are never read
  --> src\config.rs:15:9
   |
10 | pub struct Config {
   |            ------ fields in this 
struct
...
15 |     pub logging: LoggingConfig,
   |         ^^^^^^^
16 |     #[serde(default)]
17 |     pub strategy: StrategyConfig,
   |         ^^^^^^^^
18 |     #[serde(default)]
19 |     pub safety: SafetyConfig,
   |         ^^^^^^
   |
   = note: `Config` has derived impls 
for the traits `Clone` and `Debug`, 
but these are intentionally ignored 
during dead code analysis

warning: fields `duration_days` and 
`token` are never read
  --> src\config.rs:25:9
   |
23 | pub struct PermissionConfig {
   |            ---------------- 
fields in this struct
24 |     pub daily_limit_usdc: f64,
25 |     pub duration_days: u32,
   |         ^^^^^^^^^^^^^
26 |     pub token: String,
   |         ^^^^^
   |
   = note: `PermissionConfig` has 
derived impls for the traits `Clone` 
and `Debug`, but these are 
intentionally ignored during dead code 
analysis

warning: field `max_position_value` is 
never read
  --> src\config.rs:34:9
   |
30 | pub struct TradingConfig {
   |            ------------- field in 
this struct
...
34 |     pub max_position_value: f64,
   |         ^^^^^^^^^^^^^^^^^^
   |
   = note: `TradingConfig` has derived 
impls for the traits `Clone` and 
`Debug`, but these are intentionally 
ignored during dead code analysis

warning: fields `clob_url` and 
`websocket_url` are never read
  --> src\config.rs:48:9
   |
46 | pub struct ApiConfig {
   |            --------- fields in 
this struct
47 |     pub gamma_url: String,
48 |     pub clob_url: String,
   |         ^^^^^^^^
49 |     pub websocket_url: String,
   |         ^^^^^^^^^^^^^
   |
   = note: `ApiConfig` has derived 
impls for the traits `Clone` and 
`Debug`, but these are intentionally 
ignored during dead code analysis

warning: fields `level` and `colorize` 
are never read
  --> src\config.rs:55:9
   |
54 | pub struct LoggingConfig {
   |            ------------- fields 
in this struct
55 |     pub level: String,
   |         ^^^^^
56 |     pub colorize: bool,
   |         ^^^^^^^^
   |
   = note: `LoggingConfig` has derived 
impls for the traits `Clone` and 
`Debug`, but these are intentionally 
ignored during dead code analysis

warning: fields 
`conservative_threshold`, 
`aggressive_threshold`, 
`conservative_min_edge`, 
`normal_min_edge`, and 
`aggressive_min_edge` are never read
  --> src\config.rs:63:9
   |
61 | pub struct StrategyConfig {
   |            -------------- fields 
in this struct
62 |     /// Threshold for 
conservative mode (below this %)
63 |     pub conservative_threshold: 
f64,
   |         ^^^^^^^^^^^^^^^^^^^^^^
64 |     /// Threshold for aggressive 
mode (above this %)
65 |     pub aggressive_threshold: f64,
   |         ^^^^^^^^^^^^^^^^^^^^
66 |     /// Minimum edge required in 
conservative mode
67 |     pub conservative_min_edge: 
f64,
   |         ^^^^^^^^^^^^^^^^^^^^^
68 |     /// Minimum edge required in 
normal mode
69 |     pub normal_min_edge: f64,
   |         ^^^^^^^^^^^^^^^
70 |     /// Minimum edge required in 
aggressive mode
71 |     pub aggressive_min_edge: f64,
   |         ^^^^^^^^^^^^^^^^^^^
   |
   = note: `StrategyConfig` has 
derived impls for the traits `Clone` 
and `Debug`, but these are 
intentionally ignored during dead code 
analysis

warning: field 
`assume_zero_on_perm_error` is never 
read
  --> src\config.rs:96:9
   |
88 | pub struct SafetyConfig {
   |            ------------ field in 
this struct
...
96 |     pub 
assume_zero_on_perm_error: bool,
   |         ^^^^^^^^^^^^^^^^^^^^^^^^^
   |
   = note: `SafetyConfig` has derived 
impls for the traits `Clone` and 
`Debug`, but these are intentionally 
ignored during dead code analysis

warning: enum `WsMessage` is never used
  --> src\websocket.rs:14:10
   |
14 | pub enum WsMessage {
   |          ^^^^^^^^^

warning: struct `SubscribeRequest` is 
never constructed
  --> src\websocket.rs:41:8
   |
41 | struct SubscribeRequest {
   |        ^^^^^^^^^^^^^^^^

warning: enum `WsStatus` is never used
  --> src\websocket.rs:50:10
   |
50 | pub enum WsStatus {
   |          ^^^^^^^^

warning: struct `PriceCache` is never 
constructed
  --> src\websocket.rs:60:12
   |
60 | pub struct PriceCache {
   |            ^^^^^^^^^^

warning: struct `WebSocketClient` is 
never constructed
  --> src\websocket.rs:68:12
   |
68 | pub struct WebSocketClient {
   |            ^^^^^^^^^^^^^^^

warning: associated items `new`, 
`get_status`, `subscribe`, 
`get_price`, and `connect` are never 
used
   --> src\websocket.rs:77:12
    |
 76 | impl WebSocketClient {
    | -------------------- associated 
items in this implementation
 77 |     pub fn new(url: &str) -> 
Self {
    |            ^^^
...
 88 |     pub async fn 
get_status(&self) -> WsStatus {
    |                  ^^^^^^^^^^
...
 93 |     pub fn subscribe(&self) -> 
broadcast::Receiver<WsMessage> {
    |            ^^^^^^^^^
...
 98 |     pub async fn 
get_price(&self, token_id: &str) -> 
Option<f64> {
    |                  ^^^^^^^^^
...
103 |     pub async fn connect(&self, 
market_ids: Vec<String>) -> Result<(), 
WsError> {
    |                  ^^^^^^^

warning: enum `WsError` is never used
   --> src\websocket.rs:173:10
    |
173 | pub enum WsError {
    |          ^^^^^^^

warning: variants `ProfitTarget` and 
`Manual` are never constructed
  --> src\positions.rs:24:5
   |
22 | pub enum ExitReason {
   |          ---------- variants in 
this enum
23 |     MeanReversion,      // Spread 
normalized
24 |     ProfitTarget,       // Hit 
profit target
   |     ^^^^^^^^^^^^
...
27 |     Manual,             // Manual 
close
   |     ^^^^^^
   |
   = note: `ExitReason` has derived 
impls for the traits `Clone` and 
`Debug`, but these are intentionally 
ignored during dead code analysis

warning: fields `exit_price`, 
`exit_time`, and `fees` are never read
  --> src\positions.rs:34:9
   |
32 | pub struct ExitResult {
   |            ---------- fields in 
this struct
33 |     pub position: Position,
34 |     pub exit_price: f64,
   |         ^^^^^^^^^^
35 |     pub exit_time: u64,
   |         ^^^^^^^^^
...
38 |     pub fees: f64,
   |         ^^^^
   |
   = note: `ExitResult` has derived 
impls for the traits `Clone` and 
`Debug`, but these are intentionally 
ignored during dead code analysis

warning: methods `get_position` and 
`close_position` are never used
   --> src\positions.rs:80:12
    |
 56 | impl PositionManager {
    | -------------------- methods in 
this implementation
...
 80 |     pub fn get_position(&self, 
token_id: &str) -> Option<&Position> {
    |            ^^^^^^^^^^^^
...
157 |     pub fn close_position(&mut 
self, token_id: &str, exit_price: f64, 
fee_rate: f64) -> Option<ExitResult> {
    |            ^^^^^^^^^^^^^^

warning: `polyshark` (bin "polyshark") 
generated 28 warnings (run `cargo fix 
--bin "polyshark"` to apply 1 
suggestion)
    Finished `dev` profile 
[unoptimized + debuginfo] target(s) in 
0.93s
warning: the following packages 
contain code that will be rejected by 
a future version of Rust: 
solana-client v1.18.26
note: to see what the problems were, 
use the option 
`--future-incompat-report`, or run 
`cargo report future-incompatibilities 
--id 2`
